0x33
0x97
0x43
0xa2
0xf7
0x9f
0x6a
0x9f
0xf9
0x3
0x2d
0x2d
0xda
0xcd
0x57
0x22
0x8a
0xac
0xb0
0x98
0x91
0xcd
0xc6
0xef
0x25
0x64
0x5d
0x2c
0x21
0xbc
0xc5
0x5a
0x37
0x42
0x76
0x8
0x53
0xe3
0xb6
0x42
0x2d
0x7a
0x18
0xfa
0x12
0xff
0xa2
0xc
0xe4
0x35
0x3b
0xf6
0xa4
0x5
0xb6
0xc3
0xa9
0xa9
0x2b
0xe2
0xb7
0x31
0xc
0xf7
0x70
0xdc
0xce
0x31
0xf9
0xf5
0x3
0xc9
0x5d
0xe3
0x8
0x95
0xc0
0x3
0xe9
0xc3
0x18
0xfb
0x22
0x55
0x8b
0x8e
0x9c
0x5a
0x40
0x51
0xc3
0x78
0xb1
0x43
0x7c
0x16
0x48
0x6d
0x29
0xa5
0x15
0xc4
0x8a
0x51
0xde
0x26
0x78
0xe2
0x67
0x6c
0x7a
0x65
0xc6
0x8b
0x20
0x47
0x2b
0xa2
0x64
0xc8
0x48
0x7c
0xec
0x9d
0x31
0xf7
0x9
0xf5
0x73
0x5e
0x4d
0x2f
0xde
0xdc
0xa4
0x96
0x46
0x24
0xbb
0x84
0x6a
0xe3
0x18
0x99
0x75
0x3d
0x1e
0x2f
0xeb
0x6b
0xea
0x9b
0x15
0x78
0x6a
0x59
0x3d
0x22
0x76
0xcf
0xc7
0x3e
0x90
0x65
0xff
0x97
0x25
0x76
0xcb
0xe3
0xba
0x11
0x8f
0xd7
0xf6
0x5f
0x35
0xce
0xd7
0xfe
0xa3
0xce
0xaf
0x31
0x5
0x38
0xb7
0x4d
0x1b
0x39
0x7a
0x9c
0xc8
0xd6
0x12
0x8c
0xa2
0x4f
0x49
0xff
0xe1
0xb
0x93
0xa7
0x5b
0x15
0x78
0x9e
0xbe
0x9a
0xa2
0x71
0xdb
0x97
0xd0
0xb3
0xa5
0x3d
0x99
0x1c
0xd
0x3e
0xca
0xdd
0x78
0xb1
0x9b
0xee
0xe8
0x8c
0xaf
0x96
0xb0
0x58
0x46
0x8c
0x98
0x77
0xd4
0x87
0x6a
0x81
0x88
0xbc
0x16
0xbc
0x80
0x8d
0x58
0x1d
0xe1
0xde
0x67
0x43
0x69
0x3e
0x38
0xee
0x47
0xc2
0xd3
0xc6
0x98
0x5e
0x11
0xfc
0x9f
0x77
0x9
0x13
0x99
0x91
0x38
0xb3
0x35
0xd1
0xa
0xe2
0xfb
0xe4
0x45
0xc3
0x8c
0x17
0xda
0x3c
0xea
0xd1
0x2e
0x9c
0x62
0x8c
0xac
0x13
0x99
0x8a
0x26
0x65
0x3b
0x47
0xe4
0x53
0xa0
0xbc
0x85
0x9c
0xad
0x6f
0x5
0xf9
0x8b
0xd
0xda
0x8b
0x53
0x6a
0xcc
0x8b
0xaa
0xcb
0xcf
0x8a
0xab
0xa5
0x9d
0xdf
0x29
0xe1
0x70
0x7
0x8
0x3a
0x9
0xd9
0xf6
0xda
0x87
0xe9
0x4f
0x49
0x56
0x64
0xe6
0xdc
0x4e
0x86
0xbe
0x71
0x43
0x6a
0xd3
0x9b
0x81
0x6a
0x62
0x70
0xee
0x15
0x7
0x7a
0xd0
0xdc
0x2f
0x72
0xc5
0x6b
0x79
0x94
0x3e
0x1e
0x74
0xe0
0x1d
0xb7
0xb8
0x4b
0xac
0x97
0x46
0xce
0xd5
0xd2
0x1d
0x13
0x75
0x5d
0x73
0x78
0x97
0xf8
0xa5
0x25
0x41
0xce
0xf2
0x90
0xed
0x5b
0x59
0xbc
0x8d
0xc6
0x7f
0x74
0x72
0xd7
0x2f
0x1
0x68
0x8f
0xe
0xbb
0xa8
0x53
0x7c
0x87
0xbb
0xd0
0xbd
0x7e
0xe0
0x96
0x50
0xb1
0xa4
0xe2
0xa8
0xf8
0x98
0xe8
0xbf
0x3e
0x90
0x7e
0x72
0xc5
0x60
0x16
0xc5
0x80
0x6a
0xff
0xc5
0xa7
0x2b
0xa6
0xed
0xf3
0x5f
0x42
0xa2
0x1b
0x3c
0x46
0x9d
0xcc
0x4e
0x9b
0x8c
0x16
0xca
0xc9
0xb2
0x7f
0x85
0x4
0xae
0xe0
0x24
0xa3
0x7d
0x9c
0x51
0xc9
0xba
0xbc
0xd6
0x2e
0x7b
0x64
0x4a
0xbd
0x74
0x6d
0x7
0xa2
0x7e
0x21
0x93
0xae
0xb0
0x2c
0xb0
0xed
0x5e
0xb5
0x8
0x62
0xe
0x1a
0x82
0x5b
0xfd
0x78
0xb8
0x2f
0xf3
0x3a
0xd5
0xcc
0xe4
0x59
0xe8
0x47
0x54
0x91
0x75
0x59
0x8
0xa7
0xcf
0x91
0xed
0x56
0x43
0x7b
0xf3
0xdd
0x22
0x1b
0x3f
0x46
0x9d
0x4
0x6a
0x1a
0x2e
0x5a
0xb3
0x8a
0x35
0x3d
0x66
0xb0
0xf0
0x88
0x9f
0x12
0x21
0x57
0x7f
0x7f
0x4b
0x97
0xa9
0x41
0xce
0x1b
0x46
0x64
0x7a
0x4f
0xd9
0x29
0x81
0x9c
0xb2
0x69
0x68
0x93
0xbb
0x47
0xbc
0x69
0xe
0x2a
0x1c
0x33
0x54
0xa
0x75
0x5c
0x76
0x19
0xbd
0x3c
0x36
0xa7
0x90
0x5f
0xc0
0xa9
0x26
0x42
0x5c
0xa
0x10
0x91
0x54
0xd
0xbb
0x4b
0xda
0x11
0xd0
0x7b
0xf5
0xbf
0xa7
0xbf
0xa7
0x6d
0x16
0x8b
0xc7
0x5
0x92
0xff
0xfd
0x6e
0xf5
0x59
0x76
0xb8
0x61
0xa9
0x52
0xf5
0x4d
0x47
0x15
0xb7
0x57
0x8b
0x9d
0xa
0x3f
0xd3
0xeb
0xa0
0xde
0xc1
0x9e
0xc4
0x46
0xd6
0xc9
0x97
0xf1
0xa5
0xa0
0x8d
0x31
0x29
0x8d
0x10
0xf4
0x58
0xfc
0x42
0x37
0xbe
0x3c
0x38
0xb8
0xcd
0x6f
0x22
0x9f
0xa9
0x15
0xbf
0x6b
0xb3
0xae
0x2c
0x4b
0xd1
0x42
0xca
0x9b
0x3e
0x8f
0xb0
0x7c
0x39
0xad
0x74
0x5d
0xad
0xdf
0x63
0xcc
0xf5
0x38
0x77
0x13
0xd6
0x79
0xd1
0x6a
0xb1
0x7c
0xd8
0x91
0xad
0xb1
0x8a
0xae
0x29
0x31
0xd8
0xe0
0x81
0x27
0xe8
0xfa
0x6c
0xbc
0xe6
0xfa
0x2
0x9f
0x5c
0xd7
0x32
0x86
0xc1
0x11
0x60
0x1b
0xf7
0x6c
0xc4
0x72
0xf4
0x11
0x25
0x4a
0xfd
0xfc
0xc4
0x9c
0x31
0xa5
0x13
0xa1
0xeb
0x9d
0xf2
0x9d
0xfe
0x11
0xbe
0xac
0x57
0x4d
0xb7
0xb
0xa7
0x45
0x32
0xc0
0xbf
0xbd
0x14
0xd7
0xc9
0x97
0xc7
0x60
0xd9
0xd2
0xd6
0xba
0x57
0x50
0xc7
0x58
0xa4
0x33
0x73
0x4
0x54
0x74
0xa9
0x8a
0xc3
0xa
0x11
0x93
0x9
0x2c
0x1b
0xa0
0xa7
0x18
0xf0
0xb5
0x5
0xd6
0xbb
0xc0
0xd7
0xc4
0xf9
0xb1
0xa1
0x4b
0x99
0xaf
0xb
0x23
0xa
0x84
0xcc
0xd0
0xbb
0xc0
0xdf
0x0
0xd5
0x81
0xe6
0x8
0x52
0xdf
0xc1
0xf9
0x7f
0x85
0x62
0xb
0x29
0x4
0x80
0x93
0x8
0x29
0x77
0xbf
0x54
0xf5
0x74
0xdc
0x78
0xc
0x30
0xcc
0xb5
0xe0
0x71
0xe
0xd4
0x99
0xd8
0xb2
0x6d
0xec
0xbb
0xb2
0xa9
0x28
0x4e
0xa4
0x20
0xe
0x59
0x28
0x2f
0xc6
0x9a
0x7
0xcd
0x42
0x18
0x8
0xc
0x9d
0xeb
0xe8
0xd4
0x3a
0x95
0xf0
0xfa
0xa4
0x11
0x5c
0x3a
0x7a
0xf9
0x62
0x79
0x4c
0x19
0x1b
0x65
0x96
0x4
0x44
0x30
0x2a
0xd4
0xb7
0xb6
0x6d
0x23
0x27
0x3d
0x67
0x73
0xa3
0x4f
0x2a
0x7b
0x14
0xb0
0xc2
0xcc
0x5c
0x8d
0xda
0x67
0xf5
0x37
0x7f
0x77
0xf9
0x74
0xa8
0xb0
0x2c
0x25
0x5c
0x8
0xf0
0x3e
0xc2
0x98
0xfa
0x93
0xd9
0x9c
0x60
0x84
0x43
0xc0
0x9c
0x67
0x29
0xcf
0x93
0xd6
0xeb
0xc9
0xa3
0xe1
0x23
0x32
0xf2
0x3b
0x29
0x93
0x29
0xdf
0x4f
0x5b
0xe9
0xe4
0xb9
0xab
0x3f
0x42
0xed
0x9e
0xdf
0x45
0x20
0x14
0x82
0xf
0xb3
0x1
0x7b
0x5c
0x4a
0x3
0x7b
0xbe
0x66
0x45
0x75
0x41
0x14
0x4a
0xf
0x8e
0x56
0x6c
