0x19923d2c910623c9
0x54e73383c27d3621
0x65cc927d37927654
0xb3dbf2c786626620
0x4d6bf55d627bb000
0x5e42766c9c93c8d0
0x4215d00000000000
0x87cee43b27be0a6
0xcde7379bec95088b
0x7f5313f5301d988d
0x8285605d63779bf7
0x5bf7879d32366960
0xa8323667c3922d5d
0x5273c4b65ac00000
0xc3f4e66930a3c113
0x9a40f4ed4272d937
0x438273dfbbe09db0
0x4397838bed323960
0x74b9db6c2ff67786
0x4d6bf20ed0000000
0xeaf92667d881111b
0xce6923c11bf7927b
0x37e6738bf2262bd7
0x566bd6f000000000
0xec923d2502766118
0x5128539d6be2623d
0x4397927d34fc9bb0
0xdb25b3e20d7e466b
0x7078d4beb522e42
0xe1cd523d379bed27
0x43e2562503e46000
0xd9a09fc7ad122c9b
0x43e24be27d1ac000
0x43e25cd3c9600000
0x7f287667c79bed32
0x9bff8bf2278386
0x550886761f600000
0x94187ec3866d1718
0x97b4bd29239d7787
0x43e25d6111062960
0xa8a073c7c79be2
0x3b00db1d3fb26631
0x4d611c9113c8d000
0x13727be0a7d8865b
0x5ffff661166be960
0xe673d39150a3c7f1
0xddfd3d6d338663f6
0x4edb4c0c23d23e45
0x945f2551f62e4508
0xc1e2493d323e4bc9
0x557943cc823bf23d
0xfacd4d323bf150a3
0x1241ddd263d4e236
0x198d27d88bed3239
0x87fc262876722783
0x5bed2bd810000000
0x43e24e4d07000000
0x5e42767222262960
0x7af9588d72c96892
0x6e0e297b1d27c389
0x43e2563382765810
0x5c9d21054be96000
0x5d2e4bb000000000
0x5d2674fd37b5d000
0x5e427661079bd810
0x19e257966c927be9
0x7563dbf2dd33c0ad
0x56723d01c0000000
0x66f7227d2503d79d
0x4396338d27c16b70
0x56611bf15d142000
0xf5a3c22e4c966113
0xb31fb30512923be0
0x5d323c82366d1ac0
0x5e427be118d00000
0x40b1f0f63fa79661
0x43e25fbd211d02a0
0x5d379667f3100000
0xa99d21110622727b
0xec923d2e4e4667d8
0xb8adbc3673938660
0x438276611113fed0
0x442766e4e4bf239
0x41f4554b111d3385
0x7506b6c22672279d
0x6e098cb8cc9d2119
0x5c9d37927be7d8d0
0x9e307f722623d393
0x511bf637988bb000
0xf03d4ffff3c2623b
0xa773c6739621111b
0x5be6688d211d19a0
0x83ceb193df5d3d37
0x5d2115027bb00000
0x47927d1350000000
0x8a07189276650d2c
0x19e25d611c9bf20f
0x8a73d7911660abd1
0x5d354d23f7400000
0x47879d2508960700
0x4a284273d7927d32
0x438c9d2d21196000
0x43e25d779273f6f0
0x527bd03000000000
0x499326627d27c222
0x5d2d2e43d15bb000
0xdbff63779bf7815b
0x612222806ed69d29
0x613c3772223d2922
0x943d7277911bf633
0xbb29ee34f0d29be0
0x8a25fcec8ac9fec7
0x43866be11bded000
0xd3ec98acffa7927b
0x43e24cab70000000
0xb4874f4143c113c0
0x7af9588d72c96892
0x4543c1023bd18000
0xdae24d22767cdbd6
0x9e744ddd923bf783
0x36455fb667de5236
0x647d20ad339233f4
0x5a454d3233c0a27d
0xb6e24be88bf1511b
0x4d77823bde88b6f0
0x4ebfb07c576be115
0x43e24cb700000000
0x467b90ee626e4be1
0x7baed3611be27d32
0x4ebfa261fe527d25
0x63c14a4882273c6
0x43e246627e7db000
0x423d2c9116431000
0x6f50e0277bf23bed
0x7360733be7c79bed
0x588674fbe135d000
0xe1eb960b233cff2
0xf1427671423667d8
0x5c9bed16f0000000
0x19e2488bffb11bdf
0x1ab7bc26a98bf542
0x59335dec6273c3c1
0x527d2c9e75900000
0xa99d378233d3938b
0x6c82e01237838672
0x6b75c3483bed293d
0x527661023bd6f000
0x39b0f0aba137dc39
0x5be1062be7f5d000
0x438d2c93c9600000
0xf7e24be7c3867211
0x5d17400000000000
0xb6e2450bf233c27b
0xece24d338676320e
0xade24bec9d267209
0x43e25fa617400000
0x83c9a39383c88d37
0x9125f87878876393
0x71506d7be0b3938d
0xb68c9d322633938b
0x5d2886723bf4fbb0
0x6e28369626723bf6
0xc0688d923d2c927b
0x43e2427d1f600000
0x43978383c8d00000
0x98ae5ab933827d33
0x43e27dd05ed00000
0x5c823bf7838be960
0xec8c967793d23be8
0xf2211c93c3c93be8
0x43979d2e4c862960
0xa773c6779be674fb
0x5d5adbfb5220ad21
0x47927bd350000000
0x43e243c3c9600000
0x527bed1f60000000
0x4fb54f7838d3792
0x4d6d3d6be118d000
0x5be6723bf4fbdf60
0x9dd754e0e8811bec
0x527bed211667eed0
0xe3c5d59be0a0abe7
0x479d293bb0000000
0xcde1e8866116738b
0xc16e5250c3c5d59b
0x53c6762e4bdf6000
0xf7e25d6d2113c3fa
0x423d2117dbd6f000
0x5be6627bf79641c0
0x43979d226233c8d0
0xe84e4571642aee13
0xe67be7c38e427bc1
0x5d266fffcb700000
0x11a4842876627276
0xddc73f85ad2e427b
0x479bf4fd27f5d000
0x5c9d211939262960
0x511bf622727bb000
0x7cb322611d2d24a2
0x57d89623c8d00000
0x43922627f1c00000
0x75e2427d3d762e74
0x18b976d21150276
0xece24be2654be7f5
0xc410a654f1a96c9b
0x8291c6f277d2c92
0x964beb5232222628
0x4382766e4e464310
0xd528283fee411bef
0xa77bf783962e561d
0x527be8939601c000
0x19140f8d86778386
0x658a8d293c66936
0x438d2107879be960
0x7f28767d6c927bf2
0x4623c7cfa619a000
0x5c9d250896296000
0x644a472f9bfe49d2
0x54f09f84f23e4d21
0x423d3787862118d0
0x70791389ebd7d22
0x81fdbc3be2766bf7
0xf088bf155088be9
0x6dabd3433d29327d
0x79f0f2927d20b786
0xdf0798d452337a91
0x779ea950b667d88d
0xec8d3ccd688883c8
0x25e74be6611d2e42
0x770b1fe23d378786
0x43e2554d17400000
0x527d321310000000
0xece2538d26723be8
0x573c29c3c7cd6111
0x2f8bec966273cd17
0xaa7d3c9223d2d1f
0x77b6d1e6627be0b6
0xefaab4ac8eec9273
0xec827d33923be3c8
0x53c893865ed00000
0x674dd88bfd61111d
0xd050d36273cc927b
0x316c393afd6bf62e
0x4387c78623e5d000
0xec97838d379273c8
0xee294909fbe10383
0xece2411bf6338be8
0x43e243c2765ac000
0x438930a3c8d00000
0xed3bec927d211be8
0x423d379be3c96000
0x6f9724e88d338d2d
0x69d2e4bec927be9
0xa215cd73c3d23d20
0xa2222a7a09e66930
0xe4a49427aa677d27
0xf64c9abf74fd3383
0xcc572c927d37823b
0x728866ffd227d29
0x57c79be9393bc5d0
0x43e24bf205900000
0xccbd3d339623d23b
0x74447893c3cff926
0x43979d211be7d8d0
0xd26d4d379bee4113
0x423d25123bc70000
0xece25d6c9d20a3c8
0x55011bc5d0000000
0x5276693933e46000
0x438670ebf2003000
0xe26bf239223be7ee
0x5273c27bb0000000
0x19938d227d323be9
0x75a40dc5d0000000
0xf027858eee4beff3
0x5d227bc9e0000000
0x3bd667d88883c276
0x53ce4d1740000000
0x5c862bf3939601c0
0x6927d323d34fd04
0xef8b976bf54c9be3
0x74272e7b292aa4f2
0x842ffdee9667c633
0x565ac00000000000
0x4d7227927bd81000
0xa886508387d50bff
0x43e24273c6625070
0x6cadb5d7823d2922
0x9f4b377bec927d37
0x9e7b9ab18c688677
0x5d288273e7000000
0xc043a5df738d227b
0x19850883d7878629
0x594b2b5cc6779be1
0x57d8811d29600000
0x13d338c3866c9116
0x77ed3bf545088be1
0x7e0183723d379106
0xcde726723d37879b
0x47815bb000000000
0x79e727c386626226
0x4d6273c7c7924db0
0xa8611f589bee5624
0x83a0f283866273d3
0x9e3c87226d6be893
0x7a1488767623cc86
0x4ca6ebfb52288be1
0xf6e65d627be0a0ab
0x2e4ad36bf7823d31
0x423d27c396211960
0x31db41166be7d506
0x5be664bd16f00000
0xe58469a080697913
0x6e79451dcc487d36
0xfacd579be89d7153
0x4392366bb0000000
0xe4189be1062e4be3
0xafa3c227d8827be0
0x4e79427be0a0b632
0xb8779672388be11b
0xece2523d227273fe
0xade2411bec927bc2
0xf7e24bec93dd63e1
0x763a24fb52322226
0x4eb59f2551e3c935
0x511bf20db0000000
0x4383cbe7d8d00000
0x9984030b1d34fd33
0xf1427bf23be0ad05
0x183d27c79bed3239
0xcd884d2e4bec927b
0xdae25d67c14233f6
0x5d20a677927d28d0
0x43e271f1aebdb000
0x47927be2661ac000
0x454be8d000000000
0xdb984053c4d4c83e
0x9111dd9626611bf3
0x5befd07000000000
0xa77d2e523d21111b
0x198489bec966276
0xf232262ffff663c8
0x43e242727be3f2e0
0x1d42867075d813c6
0xe8988bf2279273c8
0x6c0b17c386778632
0x527be6693bf20db0
0x47823d1f60000000
0xfb1222766bf79273
0x594b2b5cc6739621
0x55c8e66273ce4d32
0x7156c18d827d323d
0xec8c9663c11113c8
0x31af2c927beff276
0x79e4427672311106
0x111ae973810634f2
0x2fe24273d7815657
0x43e24d27eed00000
0x73a3a80b0fb3c3c9
0x5c9d2d37927bb000
0x5315a5c2628be4b5
0x8b964a3f0ffb522c
0x2196d3938d323e4e
0x5d227bdac0000000
0x43e2427d3143bdb0
0x1ab9d10696738c92
0xa99d323bed31415b
0x5508866118d00000
0x527be5138be12db0
0x7e268d323d378396
0xd347211e427be4b3
0x5277d3c4a1707000
0x5cb4600000000000
0x19cd7e7e82838662
0x46b74bf627d88d36
0x6b2dc5e662766e52
0x4d63e46000000000
0x7241ad7d21063142
0x43e27ea1a5e46000
0x527d2c838c9bd810
0x5e427667c38be8d0
0x68b0d1d29673923d
0x5273c3d3938bc5d0
0x6ee24be8938bf7a0
0x43e25d67c79bded0
0xdae2450befe23656
0xd4c9cfa3d552366b
0xcc8a866273c0b233
0x4236627ffbd9a000
0x57dbec8612e00000
0x5d2d1ac000000000
0xaed923203ee10620
0x19e24be273c0abc4
0xe1cd4273cffff667
0x4385088672396000
0x53c11d2e424db000
0x5c823be26ce59000
0x47927d2668827bb0
0x439153c93d296000
0x43e254fd2e4d1420
0x43e243c2765ac000
0x43923d34fbed2960
0x199627d88273d239
0x5be276754cab7000
0x527bec927bee6070
0x43e24273c649e000
0xb68113d383d23d2b
0xd52823cc9be883d4
0x527be7c61718b6f0
0xd3d7c86693be272
0x63274fb522e4276
0x5c9d250bed296000
0x438d2113e7000000
0x550886720ed00000
0x41c2f2223be7c396
0x5c9d22766bf23960
0x479be659a0000000
0x43e24d3d7209a000
0xb6923d339628888b
0x438d210d6e523bb0
0xd26d41111d226233
0xf39d267153c27be8
0x593d20a66c8233f8
0x43e2561db0000000
0x4793c674fd27eed0
0x4397911d1ed00000
0x9e6e2d4beb523783
0x511be273d79bb000
0x43e243c6610612e0
0xcd885d723d37879b
0x4d6d22750883c8d0
0x43e25386627bd2e0
0xece253963150abe8
0x642876611d27c396
0xd5222372262d379b
0x43e257927d135000
0xc723d2936723d29
0x423bf38d1ed00000
0xf1427bfd627d27f5
0x423d2c9be3d23960
0x4604600000000000
0x43e2520b70000000
0x83c1299936227677
0x43e24e42766e4bb0
0x9b12d668ca8cd883
0x59468ac4ad779be1
0x527d25088bf23960
0xab179f5898826624
0x43e24d227677b5d0
0x43e242766bded000
0x43e279c732a00000
0x473f7d54f2c39661
0x8d4ad8c4af772637
0x43e27f0db0000000
0x4380abec9cadb000
0xfd7667d896315bde
0xcb3c0c4b193be50b
0x5d2c965810000000
0xff0cd62e467792
0x43811674fbe8d000
0x527bf4c030000000
0x5e4273eb30000000
0x423d2e4bed0b3000
0x573683d2279be931
0x19923d2c93c3d239
0x4d6d338c92765740
0x4397823bf637b5d0
0x9e03fb2877173d37
0xd0287668827be11b
0x55a2266ff6723be1
0x5be672279bb00000
0xc25d27927d31423b
0xece25d61111d27f5
0x511d25027bf209a0
0x94930ea8b4e10637
0x269d596273c67781
0x43e24663c27bd180
0x50ad212ed0000000
0x472b597fb66273c1
0x721111d27d88bc4
0x5c9d27d8923bb000
0x4233c0a641c00000
0x43e2491700000000
0x1ab4f698ac02c386
0x53ce4bd030000000
0x5886738be7c15bb0
0x43e25cdd2113e460
0xdb3f9b33379bf23b
0x4397988bb0000000
0xec9626611d293645
0x1843a315927bf386
0xe76d76779d339233
0x594cbae83be3c931
0xf33638068862b837
0x527bf38654200000
0xcccd578233d1423b
0x5273d3827d118000
0x2028009bed6bf62e
0x46459d7be0a66d21
0xf32fe6779be0a11b
0xe41d262e466ff2
0x43e24d3786323960
0x43e2538be08a8000
0xcae8572273c3cfff
0x5ba0a263d3827665
0x47838d3230b23bb0
0x7ddfc7a25d76923d
0xf7e24d226d6bf57a
0x19e2523d323bed29
0xb5884d8be27e4be0
0x4dee9667c6339786
0xe89e4bfd6273d79b
0xcccd4d2c9669223b
0x43e241111d296000
0xed3d33827bed2118
0x9a2a9bff63779bf7
0x511bc74d6bc70000
0x52623d37838bdb70
0x5c823be26d6bd6f0
0x41eb497c6933c0a5
0x423d3d6bd6f00000
0x43e2769f0db00000
0x8db087192f1dd977
0x5d2c96779d296000
0x439233c113c8d000
0x9e01564beb523783
0x5bec965db0000000
0x4cd6627d23c7f700
0xd9a0b7826623c0ab
0x9f6189d20a67792
0x443d4d22727bffa6
0x799ba65dea2f5c92
0x5e42766d29600000
0x43e24d2276723960
0x1d2b5973827d2c92
0x438bf79662507000
0xfacd4be11113d233
0x4d6d211bc7000000
0x43e2427bf7b5d000
0x5d33b7583d2e4661
0xd2039be273c2727b
0x46323d0700000000
0x55a7938d33962bed
0x423be1062e427bb0
0x9459cc30d834f673
0x43e2411660abc1c0
0xb6e241062ff0b23b
0x828fec19938d3227
0x53dfb273c12db000
0x43e253954d23f740
0xe1795d6273c8938b
0x4cdd33938d031000
0x43e240a653500000
0x7f877be0abe93be1
0xfabd33dd6d34f273
0x9455e9da8b014783
0x423d379ffbb00000
0x82e4e83bf62e5d6c
0x82f4f85b766113d3
0x43e24be2623d02a0
0x715d0beb54f4f672
0x5c9273c119600000
0x438be6612b700000
0x43e2412db0000000
0x593be4b266070000
0xdc386626543d239
0x43e25d611bf7a030
0xa99d227663c4bc9b
0x43e24c96688bb000
0x66f721078796611d
0x57c793e460000000
0x5c9d226637879bb0
0xf225bd26293c8623
0x4396338d12e00000
0x75e245123bf54d14
0x5d2c9bf230a3c8d0
0xa8379bf22628888b
0xec938d323e4273c8
0x17611d27c7966119
0xac3d27d8979d2129
0x43e248866113c8d0
0x198c9d34f3c11d29
0x43923bf38d2bded0
0xe1bc8d21023d2d27
0x5be0a09b70000000
0x6a4600af478be0b6
0x8f3d78988bf23bf7
0x43e24e42766e4bb0
0x6cadab6c927be0b2
0xdde51c779d25027b
0x4d739383c9600000
0x527d338900300000
0x4623c936723be8d0
0x566d250506542000
0x4783923bed118000
0x70379660ad3383eb
0x6ee241166be0b3b0
0x43923d37879be960
0x5be66c9be8920db0
0x70791389ebd7d22
0x4382767632396000
0x4bf727c386779672
0xacc41e4276739620
0x6f3d0241ad7d2106
0x83a094cfa3c27668
0x423d267150b62960
0xf36c826d21150883
0x7028d4427661038d
0x43e2523d2d320810
0xdc618386611d2933
0x438d27c38be96000
0x98ad240d73d38677
0x423d25088113e2a0
0x423677838d296000
0xd8f96be10150abe7
0xfb88523d37838be3
0x43827be0a1110607
0xfabd3d3383d150a3
0x4793c2727be8d000
0x65128c2069d153d2
0x438d211922262960
0xf39d3383d150a3c8
0x5e42767153c8d000
0xece25396314233c8
0x423d2e427bb00000
0x72820b36cf71ec9d
0xe40e11166513979b
0xf1784273c3ce427b
0x49287667d8827be1
0x4383c64460000000
0x53d7823be7c605d0
0x53d23fcdb0000000
0x438d266923962960
0x479d2e4c96720f60
0xaa3c3d231111be9
0xd8febcd15d2d2fff
0x566bf3962503f180
0xfa0886754c9be7ee
0x438d338663f6f000
0x5c9d250bf2396000
0x18b8873d797de46
0x52662c823d02a000
0x5d362e4bd1800000
0x7ce2464c24e88d2d
0x44f3d23653500000
0x5c9669263d7d5db0
0x566e4be27bff8030
0x438be673938be8d0
0x43e247d88be3c8d0
0xff0e18866273d237
0xeaf8911bf2279273
0x438c927669600000
0x4153c118d0000000
0x438c93c3e3100000
0x19e2523d37879d29
0x1e87ee66273dfb6
0x19811be883cff669
0xfb884c93c3c7cd63
0xa228012926723be0
0x943c21e6723d3798
0x5d3fb273d2396000
0xf1427677926623c8
0x31809a6e427bf23e
0x71285910beb78672
0x111ae97396211882
0x757cdfbeb4f7927d
0x82a3c97cdbf153d7
0xfeae5672389382
0x6a47ad32966c93d2
0x8f4740b38674fbf7
0x5be9312b70000000
0x4d65088644600000
0x4fbd3153f7400000
0x43e243d7967606b0
0xde3b8dfeaccd288b
0xe5284bf23d32223b
0x9431e2628be4b508
0x5be0a3c8d0000000
0x43e24272661ac000
0xa99d34f667d8923b
0xf85e809827d2502
0x5d211bec926d41c0
0x5d26627273c96000
0xf977879d2ff273c8
0x3357dc723d211c85
0xf5ed33c88672215b
0x1d30596be1193116
0x4fb66279366d1740
0xa3bb3ee8866c8624
0x188b5977823d2882
0xe76d7660b6378383
0x83d1520d75088673
0xe4189be1062e4be3
0x4d723d2ffffd12e0
0x423d25088d1ac000
0x6ce90947766e4672
0x457847dbe937d896
0x5d322624b93bb000
0x9e307b7bee4667d8
0x8806d1492be7d508
0xfe34b8c027838be3
0xf22aef4e1be662
0xe779bf627bfd6be7
0x111ae9779883c882
0xec8d339628923668
0xc0268cc3d223938b
0x438d211e4bed2960
0x57558f066be11be1
0x88603ee10620b628
0x98ae48363be0b633
0x5bf783962e561db0
0xad6d72c968923d20
0xece2539628923668
0x4c236bf2393d2e41
0xa99d379bf637988b
0xd8c05ba44a0cf930
0x43e24c927be113e7
0x19923d37838be3c9
0x438d267793c3c8d0
0xe883866d23c27be8
0xcdfef73683d2279b
0xf14276723bed2118
0x5be93d20abb00000
0x1d501c3d29167156
0xfc152d3543c1111b
0xdd3d4273d7911d27
0xfacd523d21193933
0xf0596bf79ffd2667
0x88a1b71b7d211bec
0x5d338be8d0000000
0xa41be6723d37823b
0x423d338be7d8d000
0x57c38660ad211960
0x3b3a8f85b4e51391
0x742b07827bf23bed
0x3b80cc54f2dd262e
0xece2523d21111be8
0x56722796609ac000
0x509db00000000000
0x8b0ed6c67798866c
0xa228012926723be0
0x527d2503d54bb000
0xece2523d3150abe8
0x4153c118d0000000
0x73cd21d292766bf6
0xb36d4b90ef5d3d20
0x5c9d31423667d8d0
0x43e24d2116696000
0xfaae1be66273c113
0x4d67d8962bded000
0x439543d4fbb00000
0x1abf35be5a2ec96
0x752b477be886723d
0x4c949a80b4ffb661
0x43e247c786046000
0x50abe2679d2642a0
0x9405c32276611d33
0x4d69600000000000
0x6327e1eb9762e46
0x55088be119600000
0x438be3c27d181000
0xe886227be3c883c8
0x43962e426601c000
0x69d211d27c39629
0xec979106338273c8
0x43e261c000000000
0x1d911d2927839604
0x216c823be930a3f7
0x5d211d2cadb00000
0xd131921111d2662
0x69d27d88bed3239
0x5d37879d2113fed0
0x438d293be9600000
0x5d2c9273c1196000
0x6dd2e72117c79bed
0x53cbf1527665088d
0x5bffb27bc7000000
0xc1e2427677839612
0xd8295d6d22679667
0xe6897abbe27d2507
0x3128827d32262bd7
0x423d227508961f60
0x2feec67be88d3141
0x83e662623d293651
0x91b4236886779d28
0x4380a11be88d2960
0x663a6d493650fb12
0x423d338674fc9bb0
0x15e6967143962886
0x439625088bdf6000
0x6425e454e0bd6e52
0x423d2c910543c960
0xb2927bf23671438b
0x614747c792767389
0x6b48a0f7911bf239
0xb5a0e83226379be0
0x7782442766c9116
0xd742776d7673962f
0x438d34f11be8d000
0xab42767d6101415b
0xdf3a4aad27c1438b
0x512842767623cc9d
0x438d2936611d1ac0
0xae7b7be27bf792
0xd4b641111d227273
0x6288523d33867632
0x98a3837227838d28
0x64008725027be262
0x9431d7ed3bf54508
0x43923d2c9c9bb000
0x43e24273c93bd810
0x423be12db0000000
0x99e827b21d688677
0xd283b1febf4e382
0xfe166bf2279273c8
0x43923d29223d1f60
0xe1db7a1eec60ad27
0x87d20b38c9273c9
0x43e263769f600000
0x6b37eb927be11512
0x712b5977988d3222
0x53c51d60a3d20810
0x51063383f6f00000
0xa77be6627be9312d
0x57d88bed29600000
0x5bc2a00000000000
0x5be66c9bd4200000
0x1d0e6c8663d79276
0x6429726273c0ad32
0xcdf086858377815b
0x53dfb27d3233f740
0x5e42767150abe8d0
0x2fe24d2d323e4d17
0xf14276723d27d3c8
0x2e2402c7967233ce
0x43e24276738be960
0xf89f4e427be933cb
0x48d21ded86292d61
0x5c506222767233c1
0xb3db5d77823bde88
0xdc618386611d2933
0x5e43c118d0000000
0x5d2673938bd74000
0x5be276754cab7000
0x2e243c66116609b
0x307e12cd766be101
0x5ffc4b7408c38d21
0xefaaa73784f23e43
0x1a11ae977988d22
0x5be8888d16f00000
0x4d6e42766118d000
0x873d3923d2933e4
0x9f4b4c1720ad2107
0x47838663cbd6f000
0xc0267b1be935088b
0x6b7882c396323922
0x77e4e83bf4fd2106
0x347e540d766be101
0x4d7233c09b700000
0x7ce776692233d389
0x51062fe380b23bb0
0xf6a81d266fe3827b
0xd563c153d383cd27
0xe89e4d227273d4fb
0x736163779bee43d2
0x8993e6c11e523d37
0x43827bf78cdd05d0
0xf329112377967237
0x2fe24273cc926d57
0x5c9be3d239600000
0xf7e24273d23d27f1
0xa39ee93be7d507c3
0x4389366960000000
0x4233c27bed212b70
0x61474d34f667d892
0x4d6d211d3383f6f0
0x5d2933c654200000
0x5d18100000000000
0xc34540abfd7d6be7
0x7773a2927bec9266
0x5be66886779d1740
0x43e243c273c883e7
0x43e241054bb00000
0x5276723bffbbd6f0
0x253d55e20a1233d5
0x472a1c723d378381
0xd9b081f0c28ee11b
0xf63d37838d26624a
0xed4ed283867233c7
0x2de97e01a4f23671
0xe261111bf6338be8
0x5c9273c0b38d1ac0
0x5bee43cc9bd74000
0x35754189672255d
0x53c27d09e0000000
0x443d40abe2767226
0x492e9857315d2d25
0x442767231110629
0x5488523d37839621
0x942821097be11d28
0x78ae13c3d143938d
0x55123bb000000000
0x5d26627273e46000
0x43e25d6272765810
0x9721db1d28867787
0x527be0a0b6320810
0x43e24273dd720f60
0xe46d53962673938b
0x52e4b53231438d25
0xece2523d3d754bc5
0x527bf2261ac00000
0x438674fbd6f00000
0x98e739c23d3cdbf7
0x19923d3153c3c119
0x43e24d37838be8d0
0x5be8867175d00000
0x778b6d73c668923d
0xe76d76723d3153c3
0x6cd7ad7be113c672
0x43e2427bf60b3000
0x49dbc60233c3ce41
0x510623cffbb00000
0x4d6933c3c9600000
0xec923d34fbed2118
0x74e652d29be2623d
0x43e2427d17400000
0x61475233d7879d29
0xb6e24be8867787ad
0x5c9d3d6be9600000
0xe40d73d386778233
0x5c9bed3239600000
0xec97815d288273c8
0xf36cb490cc66886
0x5d227669223be8d0
0xed4ed283867233c7
0xc2f7967630f23bd6
0x6043876249e19392
0x5273dd6266046000
0x66f73797de46627d
0x479273c0ac9d2647
0x439543c7d8d00000
0x2e438342ec21d19c
0x4d6d3380abc46000
0x50abf393bdb00000
0x438d226d6bd18000
0x5c9113d23d12e000
0xade2523bf3938bc2
0x43e25cdbe48db000
0x19e25d6d3380abc4
0x4380b2366ffffbb0
0x511d3543c9600000
0x3e84193bed2d323e
0x479273d23ffffbb0
0xa6632b44b10333c0
0x53c11e424db00000
0xec8886779660ad05
0x51e86e41ad7d3621
0xe89e5cc62be8938b
0xece24be273d233c8
0x8286d2c3fbd2d22
0x43e245027be96000
0x567fa79656f00000
0x43e25d63c9600000
0x511be27d33923bb0
0x43e242726d6129a0
0x85a5937d21111d28
0xec923d25088d27d8
0x6288523d2e4e4bf2
0xf142766501062be8
0xb31747293d211930
0x5be11bfd5db00000
0x5228383d34fd2661
0x43e24be27641c000
0x43e24508923d16f0
0x43938d1180000000
0x943c4fd2699bf393
0x4d6d321070000000
0x58e2427d2c911bc3
0x43e24e427bc31000
0x5bf233c129a00000
0xe1cd4bf23d20a667
0x19923d2c927d2119
0x700012f98d227ffd
0x9a6e477be6779bf3
0x62f98d2275138672
0x5d2661112db00000
0x198d27d883c3d239
0x43e24d362e4bb000
0xf33e8ca973923be7
0x76cd1ae977814632
0x5d26723d27eed000
0xc77843cc927d3383
0x2cad22c188bc9831
0x486d7667d8827d21
0xf6e641111d29223b
0x43e24be266174000
0x423d37815bec9bb0
0x527be3c135d00000
0x423d210796518000
0x672d76a72671438d
