0xf1e9
0x9ef5
0xc2d1
0x192d
0x8ca0
0x3789
0xd5bc
0xc0ed
0xc069
0xa4c8
0x633a
0xcaca
0xd50a
0x9361
0x130c
0x2af4
0xf1a0
0xde8d
0x5b87
0xed5d
0x430f
0x9549
0x5246
0xa979
0xb563
0x67bb
0xdda8
0x1b2
0x64bf
0xc2d2
0x508e
0x1e96
0x6f54
0xd03e
0x151b
0xb2d
0xdb
0xf469
0xc673
0x364e
0xc571
0x7a71
0xf76d
0xadb5
0x7871
0x980e
0xfe33
0x4284
0x4f5e
0x9e20
0xa1c6
0xd6a1
0x89b8
0xe694
0xa57
0xd2af
0xa35
0x46d6
0x419f
0x2b30
0xbf86
0x9844
0xc5bb
0x5ad
0xb82f
0xe289
0x9156
0xa1e4
0x4e3a
0x5ff6
0xd6e5
0xc8dc
0x7a44
0xd4ef
0xce5
0x2bbd
0xf9ca
0x9b5e
0x913a
0x24f9
0xafa9
0x5b4b
0xad4a
0x6fdb
0xc4b6
0x604d
0x6f90
0x6f41
0xeeef
0x1505
0xc189
0x52bf
0x674c
0xd73d
0xbc2b
0x7eb5
0xcb38
0xb2d0
0x1efb
0x74b4
0x105
0xbdfd
0xaeed
0xaa79
0xc807
0xa0e
0x16ae
0xefc8
0x9763
0x913d
0x6c43
0x8eff
0x90
0x35a3
0xc60e
0xf693
0x419f
0xf304
0xfcb5
0x2f8b
0x38d9
0xe30
0xe486
0x95c8
0x5d88
0xb92d
0xca0a
0xac9f
0x3ef
0x46c3
0xfd9b
0x38ac
0x14a6
0x9c1a
0x7350
0x350c
0xe780
0x9f39
0x82f
0x7e90
0xf864
0x8fa9
0xd9a1
0xf02b
0xd2ba
0x34f6
0xccc6
0x114
0x648f
0xb6cf
0x914d
0xebf4
0x434d
0xc011
0xd787
0xe70
0xd18
0xf97e
0x5d3a
0xa963
0xe7e5
0x275b
0x71a3
0xb5d
0x224e
0xb9d8
0x9259
0x1921
0xe948
0x505b
0xe550
0x2203
0x90bc
0x7d6a
0xd48e
0x1bac
0xb7c3
0xdbd
0xe1f3
0xf915
0x1683
0xdfed
0x5595
0x8628
0xa485
0x38d2
0x9396
0x1dc5
0x6e3d
0x4008
0xed6e
0x6b7a
0x23dd
0x482
0x7709
0xbbb
0x7544
0x37c5
0x534f
0xd8e1
0x3359
0xd120
0xea9b
0xb647
0x376c
0xf36b
0x89e0
0xd9b8
0xd03d
0x596
0xf9c2
0xf82f
0xf935
0xe44a
0xd59a
0xbef7
0xaac0
0xcf64
0xfc5
0x3e27
0x61d4
0x91c0
0x6cf9
0xd247
0x5752
0xf582
0x4291
0x50e7
0x9a22
0x4713
0xde5
0xd31a
0x22d5
0xe1b0
0xc3e5
0x9940
0x4bc7
0x31f1
0x5f8e
0x54c1
0xdc4f
0x68d6
0x383b
0x59ec
0x4ce8
0xb761
0xc735
0xad25
0x4420
0x1d87
0xd828
0xe828
0xe90a
0xf95d
0x2304
0x11e3
0xf833
0x7f94
0x3ed0
0x34fa
0x7d45
0x5bc2
0xba50
0x8c8d
0x782b
0x4970
0x7209
0x752c
0x61c8
0x16
0x48ca
0x3dd2
0xcfd9
0xd3c
0x6c11
0x4daf
0x3489
0x936c
0x4a77
0x51d0
0xd81
0x9b3e
0xbb6d
0x2ef3
0xf0b
0xceba
0x5e77
0xee0f
0x2a57
0x1c10
0x1e54
0x8ad2
0x569a
0x1339
0x70e
0xa075
0xf31c
0xc944
0xeca5
0x3974
0x1481
0x7e28
0x8097
0xe2a2
0x22b6
0x9146
0x273e
0xb097
0x271d
0x4cf7
0x6347
0x66fd
0xe6a5
0xf018
0xf41
0xa5aa
0x25a4
0xb236
0x8934
0x1d8a
0xa6de
0x6209
0x9250
0xfef7
0xe7e6
0x9a9d
0xa3e5
0xf3e2
0x76e2
0x9250
0xd219
0x1a86
0x6d94
0xed80
0xfee3
0xa899
0x39aa
0x5ca7
0x58fa
0x9d2e
0x750b
0xd333
0x7378
0x5ef0
0xcf03
0x5f32
0xc681
0xe020
0x1415
0xa56c
0x5e7b
0x3657
0x73e6
0x6309
0x8cfc
0xc877
0x8460
0xa513
0xf43f
0xecc0
0xc9b6
0x128
0xcaf4
0x65a9
0xc83e
0xa4a3
0x4764
0x5b60
0x8426
0x8248
0xa9f0
0x27ce
0x8b3c
0x43ae
0x137a
0x9047
0xc34d
0xdfe1
0x8de3
0x5abf
0x4aff
0xd2a5
0x3ae8
0x68e8
0x125d
0x400a
0xfdd8
0xa189
0x4e62
0x63ea
0x6eab
0x91d4
0xb43f
0x6865
0x1eb3
0x9f84
0x48c6
0x849d
0xca0f
0x3a37
0xad25
0xe998
0x8dcd
0x7d59
0x9145
0x2f76
0x456a
0x594c
0xf5b6
0xaa19
0xa474
0xd100
0xb077
0xb4e7
0x764b
0x26a2
0xe3ec
0xfb65
0x647f
0x28fc
0x82f2
0x1b0a
0xfe86
0xf35f
0xa7d1
0xfbfd
0x8fdd
0xeed
0x3c07
0x8994
0x1a09
0x2ebc
0x4fce
0x98d0
0x8e3a
0x5445
0x50f
0x6d03
0xdb69
0x4b68
0x87fc
0x2ef
0xf98d
0xfad3
0x9e92
0xf751
0xf831
0x1865
0x5a63
0x6f95
0x5ce5
0x392d
0x154a
0x3dee
0x425d
0x3c82
0xcb7a
0x432e
0x75d8
0xea12
0xfa5f
0xb4f
0x9745
0xe317
0xca62
0x6d69
0x783d
0xc212
0xea98
0xb338
0x9be9
0x99d7
0x8fa3
0x97d6
0x444f
0x4e19
0xa1be
0x243f
0x3173
0x83af
0x5985
0x5810
0xcbea
0x7fd8
0x9e2d
0x619a
0x532e
0x4f01
0x789
0x5c52
0xc6b0
0xf049
0xb42a
0x589d
0x352c
0x5ff7
0xaf02
0xc8ee
0x631a
0x4be
0xb277
0x2595
0xe314
0x14c
0xdcba
0xadf9
0x86fe
0x9dc1
0x4f66
0xedcc
0xd7b7
0x2165
0x6028
0x12c3
0x4018
0xbba7
0x6881
0xddb7
0xc260
0x3b93
0x5e49
0x75e2
0x9371
0x4d65
0x9295
0xeaec
0x82f
0x87dd
0x89d6
0x1386
0x7543
0x4ffc
0x925a
0xff43
0xfff
0x3fd0
0x5027
0x5ff5
0x5c98
0x5187
0x8a8f
0x58e4
0x4c9b
0x243e
0xc21f
0xe937
0x5215
0x7c4f
0x9d80
0xe978
0x6ed8
0xc281
0x5a72
0x95df
0x67e
0x5eb3
0x2f48
0x84f5
0xd716
0xd810
0xfe30
0xef9
0xf668
0x348e
0x1615
0x88c0
0x24f9
0xdb69
0x2fca
0x1793
0x4b06
0x139b
0xf002
0xac11
0x4437
0xdd57
0x37bd
0xcf8b
0x5872
0xfa5
0xc77d
0xe00e
0xa218
0x1ed6
0xa969
0x8882
0x6393
0xfad3
0xacc5
0xe1f5
0xd5f1
0x1199
0x2933
0x61d5
0x70d9
0xc036
0x7cb4
0x1695
0x452e
0x61d4
0xdc97
0xc831
0x3b50
0xdd53
0x47ab
0xc384
0x3024
0x4e46
0x1c95
0x536b
0x6744
0x50c8
0xbe6b
0xa1b0
0x3ff8
0x6d8
0x6998
0xbbf6
0xb9e4
0xbc77
0xb8c5
0x3956
0xcc7a
0xe023
0x8abb
0x12c6
0x7e49
0x8357
0xa9aa
0xb1ac
0x62d1
0xaf90
0x79e8
0x47b1
0x2aa9
0x8293
0xfbe6
0xed76
0x265d
0xd274
0x791
0xe5bd
0x96a8
0xf63b
0x9fb5
0xe53
0xbec9
0x51fc
0x1c22
0x4409
0x2eff
0xacee
0x4df2
0xe033
0x8aec
0x67f3
0x4780
0xf2c5
0x52a8
0x7552
0xcbaf
0xf19d
0x1cf4
0x415e
0xc22c
0x4298
0xa9a6
0x1a94
0xf880
0x9055
0x993d
0x9cba
0xb2a7
0x5166
0x3218
0x29eb
0x1e8e
0x21c3
0xafa5
0x442b
0xd831
0x6054
0x54f
0x4560
0xc945
0xde4e
0x196c
0xee09
0xb596
0x7bd9
0x189e
0xd325
0x25a4
0xec01
0xa187
0x4dbb
0x6b44
0x3019
0x42e6
0xf9cc
0x4b81
0x9a0c
0x761e
0x4664
0x83f0
0xe4f8
0x2742
0xccc1
0xa0a2
0x3a45
0x9662
0x932e
0x23c0
0xcb61
0xc066
0xbd90
0xbc29
0xe77b
0x92f
0xbb01
0x6c14
0xe8f8
0xf359
0x956a
0x9341
0xc045
0xd5c5
0x15a6
0xbfd6
0x81aa
0x8631
0x82d
0xccee
0xd347
0x3b89
0xe48
0x5c4b
0x851b
0xbdf1
0xf8cf
0x52a8
0xe3a
0x4f9b
0x4df2
0x5590
0x8807
0xff37
0x1103
0xad96
0xbb7
0x88f1
0xeade
0x96de
0xa65a
0x4040
0x64e1
0x7c37
0x82e8
0xc68
0x59dc
0xff07
0x375c
0x5d4a
0x963d
0x8a68
0xc51b
0xaa39
0xd33e
0xbde
0x9756
0xe8d4
0x6f52
0x5f2d
0x690e
0xe06a
0x8d08
0xa55c
0xd43d
0xc652
0xcfce
0x7d0
0xe57b
0x22a8
0xc72d
0x4a2c
0xaf3c
0x5447
0x1bf6
0x718b
0x7ba
0xf9b7
0x6849
0xfbb4
0x6d40
0xb913
0xa34f
0xad31
0xb392
0x6422
0xd089
0x615
0xb269
0xf4b
0xf30c
0x7309
0x68fb
0xfbdf
0xe18a
0x9012
0xd313
0x61e0
0x947d
0xa607
0x4be4
0x6505
0x1839
0xe563
0x5440
0xa684
0xde5e
0x22a5
0xb64b
0x7ce6
0xf8b8
0xc49f
0x48fe
0x95d9
0x872a
0x889c
0x1935
0xcda0
0xe851
0xb955
0x353b
0x33d6
0x2868
0x198c
0xd087
0x31a5
0xecfd
0x536b
0x43b2
0xe0b6
0x7d59
0x6d96
0x72ac
0x9789
0x8be7
0x976d
0xc42b
0x90e
0x1619
0xd9e7
0xa5a
0x8389
0xe623
0x6734
0xb1a4
0x3c04
0xdef3
0xfb0b
0x1203
0x3202
0x9402
0xcd28
0x4a96
0x51ed
0xf754
0x38b3
0xd6fa
0x2bfa
0xef6d
0x21a7
0x5482
0xca74
0xf3a5
0xc4ac
0xdbf3
0xec77
0x38ae
0x36
0x4031
0x743c
0xe45c
0x1209
0x6eef
0xe45b
0xdf3e
0xdcd
0x5885
0x3083
0x9
0x3177
0x315f
0x8b6e
0x2b49
0x24af
0xbd9c
0x12cc
0x7b89
0x633
0x9134
0xf54a
0xd040
0xf286
0x1095
0xc0d3
0xd846
0x4fba
0x6046
0x64e2
0x9dbd
0x6ee
0x3b99
0x460f
0xc8a7
0x15fd
0x4a84
0xd0e4
0x36a5
0x502e
0xe0b5
0x433c
0x1431
0x8f62
0xca34
0xc04a
0xc9b2
0x561d
0xf238
0xd4da
0x4f6c
0xb14f
0x9340
0xdcd
0x4eef
0xc5eb
0x54e1
0x83b2
0xf184
0x608e
0x99e2
0xbfb7
0x2d3f
0x74a0
0xec45
0xea1e
0xe8d2
0x556c
0xfaa1
0xbb7f
0xafa6
0x2a76
0x8d2a
0x14fc
0x6286
0xb03d
0xbb95
0xc310
0x74f7
0xab82
0xc692
0x106f
0x7329
0x4294
0x9b6c
0x780b
0x449e
0x250c
0xe75c
0x6598
0xa1ee
0xfe46
0x7799
0x6a63
0x5d24
0x655b
0xbc69
0xd47
0xca41
0x7c16
0xa1a1
0xd7a1
0x6deb
0x7188
0x390f
0x8dfd
0xbf6d
0x3f3a
0x6ce7
0x963f
0xc874
0xa1f3
0xf9e2
0x3298
0xe494
0x8534
0x3d01
0x1923
0xe001
