0xa36210f0
0x37c72e09
0xeb9a1dd4
0x6a1e99f4
0x46deb6cd
0x69c8c72d
0x6e440c78
0x14ae20e6
0x3de68a4b
0xf8a08afb
0xb5fb30cc
0x34a450e
0x98381fd7
0x2050c4dc
0xdc0e6807
0x5253ae
0x1a534980
0xc10f0c5e
0x274afcac
0xaaaf078f
0x3d8b3410
0x40f81751
0xb58ba708
0xcf8b449b
0x8978b25
0x3074cbd9
0x99b4bd63
0x18210b4b
0x7f7aa2be
0xded9c29f
0x4632a099
0xd7e24963
0xf5fca220
0xfbe9f6e
0xfda14f42
0xbd46cce3
0x6b46dc81
0xfe854508
0x26b067bc
0xbf710d0b
0xa5ca475
0xd813f42a
0xfa7ffabf
0xec7edf11
0x774ffb29
0xe1f06306
0xcdf9efd1
0x70d9f64b
0xc98a26b
0x4e8471e7
0x1bba0447
0x53de96fe
0xa30cf913
0xcea104a8
0xba897b3f
0x4cadd0a3
0xac9870a1
0xf7208705
0x4e5aef3a
0x3730577d
0x2d40341d
0xb5dcc1cd
0xa13010b2
0xe2e9cb1f
0xcd6404bf
0x827e6abf
0x673e910e
0x2508caa
0x1f14c700
0xe834c8e0
0xa4ece5e
0xe86dd5ab
0x36fce151
0x4f0a8089
0x8fda1fe
0x6c8fe53
0x9fc57f02
0x830ee2a0
0xc34e093d
0xbb1e72ff
0x43c99807
0x496b49e2
0xadfe43c8
0x7f1a87e1
0xdc8f8513
0x624a6dad
0xbd9320d3
0xda385737
0x227d9a24
0xa2220b22
0xd923da9
0x76af68f0
0x79c69c0d
0x99bbc6d
0x8f5bfae7
0x9eff5dce
0xe36e5f0e
0xf8b4fbd8
0x2bded62d
0x85c4d738
0x2dff7139
0x22451561
0xcba44993
0x56e679e4
0x8acfca5
0x8037ad56
0xf3dc4ae7
0xa3cf3ec8
0xdd286690
0x3d139b59
0xd2dfa74b
0x2fc3a6d8
0xd98a9e58
0x9b746da9
0xd199860c
0x2946c792
0x4e5aef3a
0x5a64befb
0xf04ce8c
0xf06c77c2
0xbeaf3764
0x22248990
0xcaa71f34
0xe94a61f8
0x9fe6cd98
0xef57a0c0
0xb65e21a1
0x98190669
0x8d277902
0x335f8025
0x49fa0d74
0xd1e2314b
0xacc42865
0xebabefcd
0x58aff3e9
0xd478253e
0xe1f7f61d
0x2b67756f
0x301fa990
0x35cd1d1b
0xd75f0026
0x50918c44
0x472e477e
0xf2acb831
0xdaa0c473
0x7124d9a9
0x3898200e
0xa208770e
0xb0c7a8ce
0xd8cde8fd
0xfa7ecbc2
0x20cd8721
0xc8b6090
0x5255c671
0x6196200e
0x4d6f6d9e
0xed7bc597
0x8f0269a0
0x4564b8ec
0x5fd04ad3
0x3cbc1d05
0xb5438bee
0x4b4e6330
0xb9698fcc
0xaf1d57a8
0xbaf17cd9
0x5dfcb727
0x601ecbb
0x20c93a77
0x90d24478
0xdcaa9548
0x96466661
0x52a91e6c
0x8852523b
0x16d72a9b
0x88a950d8
0x60d3bee7
0x8a89d3d8
0xa1a7dfc6
0xee794cce
0x710a7f58
0xd355d4f8
0xa66f7af3
0x9f31a451
0x39c60d2b
0xcaf99d1f
0x547acebc
0xbf8884b6
0x2606fd2b
0x4a3892a9
0x5f3a7928
0x69c12320
0x8dc17a50
0x5baa8504
0x7e99c3b9
0xe5901b66
0xbbef0d82
0xe549e96e
0xe9c5b31f
0x24766660
0x731cd0b3
0xe57110e9
0xc95d7b48
0xfad7a2a
0xdcfc9e8e
0x261fbd09
0x1a881348
0xac72a432
0xb203eba2
0xe6186b8c
0xf218e84f
0xc7be234a
0x5b2fd9da
0x3aa9a2a9
0x70fd7efc
0xd9bd0fd6
0xfa8826c2
0x800b918e
0xf67487b4
0x7812512d
0x18966567
0x409be430
0xc358569
0x18f643cc
0x2dddf330
0x4892dfd5
0x827de6b
0x8b195dce
0xbc994cd0
0xc497531c
0x15aea952
0x926b8784
0x8dc9c54d
0xba2397
0xa124be3f
0x40bc1b22
0x2a385c09
0x58146472
0x3e64b7b
0x5a35ffa9
0x9282e93a
0x54a2561a
0xabe8ff75
0x4b8b6a6d
0xa0042154
0x908700d7
0x7b9d1f71
0x3a92622b
0xa53d6c05
0x6ea9a146
0x997f3076
0x78576037
0x1836f739
0x203248d0
0x1fc26f4
0x22efe802
0x468143a
0xed077f
0x670d7839
0x7f0b1f81
0x876b6366
0xcf522793
0x7d2fde6c
0xda7487c8
0x4ce07216
0x3a2b348d
0x5fad01ec
0xa2c1423c
0x2faf54b4
0xb11d2bc1
0xa9b6677d
0xa8f89267
0x95eee841
0xf34ba73f
0xb3fcc6e0
0xa474233
0xa12307b0
0x492bb0fb
0x87639220
0x198ddcc5
0x907e8137
0xd072d84a
0x9361e1c0
0xe1a24102
0xbb1c57da
0xe976d19d
0x7898f1e4
0x7d4bde42
0x9cb43c56
0xe442fd6d
0xac35941a
0xc6b34096
0xb38c8e3d
0xa4db574a
0x655c374b
0x65cb4911
0xf8fd1781
0xe251fec3
0x62d79a7
0xce03b4d6
0x43cfb2e2
0x2e0255d6
0xd3d71348
0xc3bc601f
0xa0c20d46
0x76aac37e
0x2e288c9f
0xbcbf8aa1
0xe484da9c
0x568e3834
0xdb1e9895
0xa173a302
0xd4297d2b
0xbe9f0079
0x5750586e
0x31dd8427
0xcd40cc5d
0x3cd94fe8
0xb0d58d6
0xccf5656d
0xe376a881
0x5478ed1f
0x1067f16c
0xad1a3445
0xefc07973
0x6d7b2bef
0x845ed395
0xae5a3d85
0xd7b671a5
0x74685b18
0x9f476d32
0xa307668c
0x17d9999a
0x43ba8c9d
0x2ac3544d
0x7571212
0xdba250d5
0xbce145e9
0x9c24a8a6
0x25bf08ce
0x5c9c759
0x13971485
0xaa9ee2c2
0x2bc5fb80
0xe98f2859
0x1ff7f6df
0x9d6d8a1a
0x1424e830
0xc7a2ec1b
0x2a4fdf2f
0x9459948f
0x2ceb847f
0x8992888f
0xa70eb089
0x27c9fb22
0x61970c3c
0x308bd9af
0x7a369140
0x4b984345
0xac7cb0d3
0x824dae73
0xe4881542
0x5d45b074
0xba81629f
0x560c4deb
0x20c2df11
0x49414c60
0xbaf6c220
0x4f900d65
0x89109d2d
0xe370c9da
0x46deea2
0x838b8868
0x58f5d977
0x9f019f0f
0x122f51c3
0x5bc59d3c
0x62099520
0xf5dfe48
0x370e26c8
0xcbd45277
0xf7b41538
0x80e5d2ec
0x4542df6e
0x910e34ba
0x4ddd0900
0xc4306420
0xbf0e38bc
0x9aa19824
0xf8d1372b
0xad80f63b
0x24d98154
0x71cd235f
0x64dde6c1
0x3456e347
0xaf6c2f55
0x43542d06
0xf8e5b9d6
0x91bb1d2a
0xb53e65de
0x3a92622b
0xa9638fdf
0xa7a8a24e
0xf2c0949c
0x1fe98d04
0xba300c92
0xc720d71a
0xb6ab5576
0x671adff4
0xafa0c362
0x4e9225db
0x306179cb
0xd3f52a3
0xcbf1cd88
0xfe653cd4
0x35cf1485
0xf3b3c791
0xa0338f43
0x9ffc0634
0x5b29fd8e
0x33f22672
0x4177db46
0xb17c3ade
0x431fd81c
0xe1a50832
0x161b7c85
0xf2479599
0x67d64db9
0x6c565500
0xd844f750
0x9f3ff946
0x9bed1cf9
0x42a0d76f
0x6879702
0xdca59f67
0x1e47716e
0xafe56d0
0x41d34e4a
0xf6382d8
0xb608b28c
0xe93ba89a
0xc93259ce
0x2c2349e9
0xb4d67d87
0xbf7e70a3
0xfc4d94a
0xbc6cdf14
0xe20de895
0xdec6da7
0x8bf24bdc
0xc76d4962
0x5f23147e
0x63b858b8
0x623b2b09
0xfd7a5dc8
0xa483618c
0x1ef89c20
0x5cc87443
0x7015b88
0x92e68968
0x41c8caf0
0xfc62a1fb
0xa312c290
0xb6251d38
0x4086b6d3
0xc49eb7ea
0x7860bc10
0xca014c8e
0x675c347b
0x73670588
0x5fd2a335
0x270af44
0x3b30a4ec
0x9bfa7b6a
0x15d08e61
0xa6fb5b09
0x38a874aa
0xc2a1988c
0x6dca691b
0xc167a9f2
0xcc7a3625
0x51fe1994
0xb2d35d13
0x8387fe58
0x79fce815
0xa7640f01
0xc995ac19
0x4de451ca
0x6a10a677
0x19f96137
0xe5ddc709
0xa64c283e
0xaf26515d
0x80d6abcf
0xe794690c
0x75161fcd
0xc63abc91
0xee5ef919
0xc9140cd0
0x50af53b5
0xa97cf41d
0x4f15ed24
0xf6594c49
0x31bbec46
0xdeaf3aa7
0x4bb579d5
0x3ece13f4
0x507cb882
0x269c5d51
0xc3b99cb2
0xa60d649a
0x498218e1
0xdcde88f9
0x86d81fd3
0xa0f4477f
0xd526be65
0x5b77419a
0xebc7aa6b
0x4ae00a94
0x6bdcb25e
0x187a27ae
0xf9279a22
0x78132323
0x3a3e0bdf
0xc2bec39f
0x2c2e1b6e
0x7eceef86
0xe52c9399
0x563165ba
0xa530f07e
0x62f87747
0xdcd21d54
0x4686967c
0xd5a1205c
0x880759c5
0x6bbff3ae
0x7f978656
0xd35cc8e
0xe590795a
0x10d3ca5c
0xc316aab7
0x993347b2
0x65b1a860
0x76807544
0x919d035f
0xfcd665f7
0xae69d02e
0x7d925581
0xd50eec
0x521590e
0x9b29cc97
0x98f2de46
0xfce9ec5c
0xd620e985
0x5cb56278
0x9d89f51
0x89444e41
0xa0a23bd7
0x9416c6d6
0x87679d71
0x4cc8d9a4
0xa60af4fe
0xd52de250
0x50e840e3
0xcd9d52bf
0xe5cf8b3d
0x41077779
0xe2a5bf1a
0xb6c13957
0x94ed1273
0xbf1c1b0
0x60b11dd0
0xfceff2cf
0x156acbf8
0xa4b3d145
0xb587501
0x82c7db5a
0x1d60ea25
0xc84c7db7
0x5b7ba7f3
0x9d24f1d6
0x82e34cfe
0x9e6f01cf
0x70be1706
0x27676b44
0x85e4661
0x1c83626c
0xb4d67d87
0xfd301e63
0xf3152b04
0x3de901c1
0xe6d9f719
0xa8ffb34a
0x94f3cd5e
0x848e62d7
0x76107a8e
0x8a62964e
0x30fb1db0
0xa5a6725e
0x18966567
0x5e797af3
0x7b68e007
0x37cb115a
0x47f1a17c
0xb887f93a
0x31b072fd
0x9f673136
0x859c78fe
0x43bce992
0x7386d5b1
0xbe647b81
0x7ac4e7cc
0xb399d7ee
0x856af8cf
0x44b15e65
0x79365846
0x1f8b6e28
0x939ee6eb
0xb74d26fd
0x5fa8551d
0x58dc1fc7
0x6ca7b389
0x2051de2a
0xe01f1c7c
0x52907b87
0xa4784fc7
0x6183c8a2
0x4133a621
0x4349b10f
0x2c2fbf74
0x3f4d60c9
0x8eb2306b
0x6377f49c
0x2a0e95ee
0xaa02e414
0x7629fb2
0xbf161a0e
0xf02dfda9
0xd8798969
0xe2a13259
0xfc15c5e7
0x4c6d7873
0xf33b132
0xcef093ce
0xa3593993
0x4ead454b
0xce2a9a35
0xd18e4a5b
0x65c3ae2
0xdc91dbec
0x160db201
0xe92a03b6
0xfb7ab3e1
0xa44201ab
0xfac73bd9
0x29f2d0dc
0x4ccf8095
0x2430e182
0x1ada7f62
0xfc1adc87
0xbee8b989
0xb0a664d5
0x5f7c4e60
0x1887fbf
0x1d5819f5
0x6ab0fb33
0x150d80c5
0xdf9363b9
0x40f78f95
0xcbdf6770
0xa13d1dbc
0x279eddb2
0xc4cfca90
0x631c9d06
0xfc3c89dc
0xfd09511c
0x47cccc45
0xa1ba4fc8
0x9e40729f
0x61b169fe
0x8cffa9b0
0x4918f7c0
0xffcbcc4d
0x42090a49
0x2cf2a93e
0xfeec614f
0x52435bc3
0x555dac8
0x32111cc0
0x9c048044
0x50cf9ca5
0x4649e26d
0xcd40cc5d
0x57dd9ab5
0xbf49e23a
0x4f35f223
0x358185d5
0xb7e86a0e
0x48c06723
0xd95558c9
0xfa1dc2c5
0x79d7bf1a
0xaae360a5
0xe9bb31c0
0x66c0e993
0x95f95dc2
0x4b94003c
0xbb27ac8d
0x9343513f
0x9b2fdd30
0x745dfd07
0x2a161217
0xa48fc414
0x3728d51e
0xe08b6315
0xb20631e7
0x1170f050
0x898c07b1
0xb72fac15
0x279fd958
0x2689e61b
0x25a3b4de
0x885ed71e
0x2a2f913e
0xbd345eeb
0x36f7abe3
0xc7bf5be5
0x63f10d9e
0xa1d4a333
0x78089904
0x7d27e689
0xe54c2946
0x6690a980
0xbce10398
0x7491f421
0xa5e2a5d7
0x7d3743e1
0x7818e0a8
0x9bb8715e
0x234a1927
0x1ada7f62
0xacdf51aa
0x137beac7
0xfb7ab3e1
0x6caeaa5c
0x2987ac68
0x90252be9
0x4cf9c95d
0x16e55459
0xed18a7c
0xc6dd150a
0x24916525
0xff51ba66
0x78a222c1
0x70e65850
0x4ab133be
0x8af13faa
0x3fcbd242
0x67980a31
0x8985ba28
0xdfd51507
0x1749978f
0x1aca745d
0x7228cb16
0x55474e96
0x873dcd9d
0xc864af3
0xcdd1470d
0xad795e07
0xcc5236c2
0x4d72816f
0x646479c1
0x3c9fe37c
0xb579afb5
0x9604867e
0xf0981c36
0xd0878e28
0xf5650be0
0x1fbacadf
0xf298bfc7
0xd3952cef
0xc36a331b
0x7b483f87
0x986f5676
0xce7ef94b
0xdce68688
0x50353fc8
0xe342217e
0xe05f881f
0xa1558520
0x406f8e1c
0xabbaa757
0x1fd6970b
0x5af64437
0x6032ce09
0x58b7cd07
0x8df130a6
0xd14cc85b
0x6bfa6197
0xbb729581
0xf1ccf0b4
0x2ea1e776
0xf5289212
0xe1e21dde
0xf7edbd01
0x1d74398c
0x18b687a8
0xe9524ac
0xf35b542c
0x3085febc
0xe5fffc7
0x81cc98f6
0xd274beb5
0xaa1227d7
0xc5885
0x9ee59bd9
0x4b2d52fa
0x5f5b7fb8
0xf755d602
0x4e5ecddf
0xc25a285d
0x88206a7b
0x45fffa79
0x677ead01
0x6d84a418
0x978db9e3
0x632f638f
0xc0280e0e
0xc44d5b55
0x5302315a
0x221bc2fd
0x81a904e4
0x5507bdd
0x5d551b5d
0xa926c1ef
0xeb310812
0x3d814070
0x9bd60e03
0x90bfdfaf
0xe5da1e5
0x7386d5b1
0x78a93626
0xcbd0a90b
0xf2c0949c
0x8b6b5c6c
0xa647d432
0x349c1e6e
0xa6e54225
0xbff6fc15
0x544d7007
0x64622c40
0xc4dfc49b
0x612c8a03
0xd16f6e06
0x6902456d
0x4623121d
0x2f3d62d0
0xd95db410
0xe826510b
0x666e9fec
0xb4799f39
0x1e7daa49
0xe7ae5c3a
0x14dace32
0x662699b7
0xf5b30fb8
0x81f0e9c0
0xfd2ea19a
0xe69b108
0x9154c89d
0xe5f99e0d
0x80e72481
0x69aa3998
0x3806a388
0x9a3ebdbf
0x83068f58
0x4e57b953
0xc3395eea
0x9cb2f16a
0xcfa4b868
0xc8995445
0x53431305
0xc69c9162
0x2a05fbf
0x85eeace0
0x807f108c
0xa4ce4922
0xe1a6c265
0xcbc2d5eb
0xd08922fa
0x88c560a1
0xf005ca49
0x8acc75ae
0x44a205e7
0xed9b03f1
0xeb34faa3
0xffa51daf
0xc4d0f824
0x6428e778
0xf630592b
0x92823d63
0x713ddba1
0xfbb1cbe0
0x8629423b
0x8b5801e1
0x34b736e8
0xce1506c6
0xc0dc3fe8
0x46a4b320
0x39ebfa36
0xb629f3bd
0xc8941f09
0xb58dae8a
0xa81c9188
0xe3606305
0xe1cd7b9f
0x91fb0df9
0x3baf842
0x1a71f9c1
0x796b738c
0xec418420
0x29fa2de2
0x7b0c78c5
0x5f7653cd
0xeff5dfa
0x65931ad
0x5d49859d
0xefecd8d0
0xaf3f2a2a
0x9edd0a0
0x9cc34d4b
0x7082d49f
0x36fb67d6
0x7707fa8f
0xcbc2d5eb
0x1222678c
0xe50abb19
0x9008f38
0x2cc8f4e7
0x3c703a32
0xcdb66c6
0xc460a5ed
0xfa7ef90f
0xc369189c
0x7363c107
0x4ff91574
0x2f4839b2
0x6cf52ceb
0x11e92c15
0x7076c75e
0x4ba5f821
0x397ab169
0x56d9e183
0x65e7042d
0x21958313
0x63ca9e30
0x340b08fc
0x20965682
0x9a15bbaf
0xb08e8a47
0xdc1e671d
0x92295b60
0xe7cf559
0x3e663874
0xbb3a265b
0x5dc444cf
0x738aabfc
0x218fd163
0x92230b21
0xfb3a6c3c
0xf6ebd80
0xdfe96678
0x33da4dba
0x1d43084e
0xfce6acb6
0xbad4e4a2
0xbbb1cac8
0x59fc0fb3
0x81b30867
0x456d4e8
0xe095a4ad
0xeb9c5b96
0x4ef6f6c0
0xf130193e
0x5f68982c
0x1a6bb922
0xd00a99af
0x584c1d87
0xe4dc8aab
0x3c8a85ef
0x43261bdb
0xf4db2c90
0xc09debc6
0xa07d815f
0x991bdb83
0x794fb7cf
0x19dc647c
0x5d069019
0xc5fab6e3
0xb8fb6aee
